2026-06-30 22:28:10,913 - INFO - url: https://raw.githubusercontent.com/YanG-1989/m3u/refs/heads/main/Gather.m3u 获取成功，判断为m3u格式
2026-06-30 22:28:10,914 - INFO - url: https://raw.githubusercontent.com/YanG-1989/m3u/refs/heads/main/Gather.m3u 爬取成功✅，包含频道分类: •温馨「提示」, •咪咕「移动」, •游戏「赛事」, •影视「轮播」
2026-06-30 22:28:11,048 - ERROR - url: http://aktv.top/live.txt 爬取失败❌, Error: 404 Client Error: Not Found for url: http://aktv.top/live.txt
2026-06-30 22:28:11,219 - INFO - url: https://live.fanmingming.com/tv/m3u/ipv6.m3u 获取成功，判断为m3u格式
2026-06-30 22:28:11,219 - INFO - url: https://live.fanmingming.com/tv/m3u/ipv6.m3u 爬取成功✅，包含频道分类: 央视频道, 卫视频道, 浙江频道, 内蒙频道
2026-06-30 22:28:11,370 - INFO - url: https://raw.githubusercontent.com/yuanzl77/IPTV/main/直播/央视频道.txt 获取成功，判断为txt格式
2026-06-30 22:28:11,371 - INFO - url: https://raw.githubusercontent.com/yuanzl77/IPTV/main/直播/央视频道.txt 爬取成功✅，包含频道分类: 央视频道
2026-06-30 22:30:24,867 - ERROR - url: http://120.79.4.185/new/mdlive.txt 爬取失败❌, Error: HTTPConnectionPool(host='120.79.4.185', port=80): Max retries exceeded with url: /new/mdlive.txt (Caused by ConnectTimeoutError(<HTTPConnection(host='120.79.4.185', port=80) at 0x7efeb461ee60>, 'Connection to 120.79.4.185 timed out. (connect timeout=None)'))
2026-06-30 22:30:25,007 - ERROR - url: https://raw.githubusercontent.com/Fairy8o/IPTV/main/PDX-V4.txt 爬取失败❌, Error: 404 Client Error: Not Found for url: https://raw.githubusercontent.com/Fairy8o/IPTV/main/PDX-V4.txt
2026-06-30 22:30:25,149 - ERROR - url: https://raw.githubusercontent.com/Fairy8o/IPTV/main/PDX-V6.txt 爬取失败❌, Error: 404 Client Error: Not Found for url: https://raw.githubusercontent.com/Fairy8o/IPTV/main/PDX-V6.txt
2026-06-30 22:30:25,686 - INFO - url: https://live.zhoujie218.top/tv/iptv6.txt 获取成功，判断为txt格式
2026-06-30 22:30:25,686 - INFO - url: https://live.zhoujie218.top/tv/iptv6.txt 爬取成功✅，包含频道分类: 更新时间
2026-06-30 22:30:25,946 - INFO - url: https://live.zhoujie218.top/tv/iptv4.txt 获取成功，判断为txt格式
2026-06-30 22:30:25,948 - INFO - url: https://live.zhoujie218.top/tv/iptv4.txt 爬取成功✅，包含频道分类: 央视频道, 卫视频道, 电影频道, 数字频道, 儿童频道, 地方频道, 纪录频道, 体育频道, 解说频道, 音乐频道, 春晚频道, 直播中国, 更新时间
2026-06-30 22:30:26,028 - ERROR - url: https://www.mytvsuper.xyz/m3u/Live.m3u 爬取失败❌, Error: 404 Client Error: Not Found for url: https://www.mytvsuper.xyz/m3u/Live.m3u
2026-06-30 22:32:40,035 - ERROR - url: https://tv.youdu.fan:666/live/ 爬取失败❌, Error: HTTPSConnectionPool(host='tv.youdu.fan', port=666): Max retries exceeded with url: /live/ (Caused by ConnectTimeoutError(<HTTPSConnection(host='tv.youdu.fan', port=666) at 0x7efeb461f280>, 'Connection to tv.youdu.fan timed out. (connect timeout=None)'))
2026-06-30 22:32:40,529 - ERROR - url: http://ww.weidonglong.com/dsj.txt 爬取失败❌, Error: HTTPConnectionPool(host='ww.weidonglong.com', port=80): Max retries exceeded with url: /dsj.txt (Caused by NameResolutionError("HTTPConnection(host='ww.weidonglong.com', port=80): Failed to resolve 'ww.weidonglong.com' ([Errno -2] Name or service not known)"))
2026-06-30 22:32:40,611 - ERROR - url: http://xhztv.top/zbc.txt 爬取失败❌, Error: 404 Client Error: Not Found for url: http://xhztv.top/zbc.txt
2026-06-30 22:32:41,236 - INFO - url: https://raw.githubusercontent.com/qingwen07/awesome-iptv/main/tvbox_live_all.txt 获取成功，判断为txt格式
2026-06-30 22:32:41,258 - INFO - url: https://raw.githubusercontent.com/qingwen07/awesome-iptv/main/tvbox_live_all.txt 爬取成功✅，包含频道分类: 央视, 新闻, 卫视台, 地方台, 港澳台, 埋堆堆, 影视, 体育, 音乐, 小品, 咪咕, 斗鱼, 少儿, 国外, IPV6, 
2026-06-30 22:32:41,401 - INFO - url: https://raw.githubusercontent.com/Guovin/TV/gd/output/result.txt 获取成功，判断为txt格式
2026-06-30 22:32:41,406 - INFO - url: https://raw.githubusercontent.com/Guovin/TV/gd/output/result.txt 爬取成功✅，包含频道分类: 🕘️更新时间, 📺央视频道, 💰央视付费频道, 📡卫视频道, ☘️广东频道, ☘️浙江频道, ☘️北京频道, ☘️上海频道, ☘️重庆频道, ☘️江苏频道, ☘️辽宁频道, ☘️湖南频道, ☘️湖北频道, ☘️广西频道, ☘️天津频道, ☘️四川频道, ☘️陕西频道, ☘️福建频道, ☘️海南频道, ☘️河南频道, ☘️河北频道, ☘️贵州频道, ☘️甘肃频道, ☘️新疆频道, ☘️山东频道, ☘️山西频道, ☘️安徽频道, ☘️宁夏频道, ☘️吉林频道, ☘️内蒙古频道, ☘️云南频道, ☘️青海频道, ☘️黑龙江频道, 🌊港·澳·台, 🎬电影频道, 🎥咪咕直播, 🏀体育频道, 🪁动画频道, 🎮游戏频道, 🎵音乐频道, 🏛经典剧场
2026-06-30 22:32:42,067 - ERROR - url: http://home.jundie.top:81/Cat/tv/live.txt 爬取失败❌, Error: 404 Client Error: Not Found for url: http://home.jundie.top:81/Cat/tv/live.txt
2026-06-30 22:32:42,204 - ERROR - url: https://raw.githubusercontent.com/vbskycn/iptv/master/tv/hd.txt 爬取失败❌, Error: 404 Client Error: Not Found for url: https://raw.githubusercontent.com/vbskycn/iptv/master/tv/hd.txt
2026-06-30 22:32:42,541 - ERROR - url: https://cdn.jsdelivr.net/gh/YueChan/live@main/IPTV.m3u 爬取失败❌, Error: 503 Server Error: No healthy backends for url: https://cdn.jsdelivr.net/gh/YueChan/live@main/IPTV.m3u
2026-06-30 22:32:42,685 - INFO - url: https://raw.githubusercontent.com/cymz6/AutoIPTV-Hotel/main/lives.txt 获取成功，判断为txt格式
2026-06-30 22:32:42,685 - INFO - url: https://raw.githubusercontent.com/cymz6/AutoIPTV-Hotel/main/lives.txt 爬取成功✅，包含频道分类: 央视频道, 卫视频道, 其他频道
2026-06-30 22:32:42,818 - ERROR - url: https://raw.githubusercontent.com/PizazzGY/TVBox_warehouse/main/live.txt 爬取失败❌, Error: 404 Client Error: Not Found for url: https://raw.githubusercontent.com/PizazzGY/TVBox_warehouse/main/live.txt
2026-06-30 22:32:43,498 - ERROR - url: https://fm1077.serv00.net/SmartTV.m3u 爬取失败❌, Error: 404 Client Error: Not Found for url: https://fm1077.serv00.net/SmartTV.m3u
2026-06-30 22:32:43,657 - INFO - url: https://raw.githubusercontent.com/ssili126/tv/main/itvlist.txt 获取成功，判断为txt格式
2026-06-30 22:32:43,658 - INFO - url: https://raw.githubusercontent.com/ssili126/tv/main/itvlist.txt 爬取成功✅，包含频道分类: 央视频道, 卫视频道, 其他频道
2026-06-30 22:32:43,848 - INFO - url: https://raw.githubusercontent.com/kimwang1978/collect-tv-txt/main/merged_output.txt 获取成功，判断为txt格式
2026-06-30 22:32:43,848 - INFO - url: https://raw.githubusercontent.com/kimwang1978/collect-tv-txt/main/merged_output.txt 爬取成功✅，包含频道分类: 更新时间
2026-06-30 22:32:43,875 - ERROR - url: https://ghp.ci/raw.githubusercontent.com/MemoryCollection/IPTV/refs/heads/main/itvlist.m3u 爬取失败❌, Error: HTTPSConnectionPool(host='ghp.ci', port=443): Max retries exceeded with url: /raw.githubusercontent.com/MemoryCollection/IPTV/refs/heads/main/itvlist.m3u (Caused by NameResolutionError("HTTPSConnection(host='ghp.ci', port=443): Failed to resolve 'ghp.ci' ([Errno -2] Name or service not known)"))
2026-06-30 22:32:44,097 - ERROR - url: https://github.moeyy.xyz/https://raw.githubusercontent.com/Ftindy/IPTV-URL/main/huyayqk.m3u 爬取失败❌, Error: HTTPSConnectionPool(host='github.moeyy.xyz', port=443): Max retries exceeded with url: /https://raw.githubusercontent.com/Ftindy/IPTV-URL/main/huyayqk.m3u (Caused by NameResolutionError("HTTPSConnection(host='github.moeyy.xyz', port=443): Failed to resolve 'github.moeyy.xyz' ([Errno -2] Name or service not known)"))
2026-06-30 22:32:44,924 - INFO - url: http://www.lyyytv.cn/yt/zhibo/1.txt 获取成功，判断为txt格式
2026-06-30 22:32:44,926 - INFO - url: http://www.lyyytv.cn/yt/zhibo/1.txt 爬取成功✅，包含频道分类: 央视频道, 卫视频道, 央视(IPV6), 历届春晚
2026-06-30 22:32:45,582 - ERROR - url: http://live.nctv.top/x.txt 爬取失败❌, Error: 404 Client Error: Not Found for url: http://live.nctv.top/x.txt
2026-06-30 22:32:46,452 - INFO - url: http://www.lyyytv.cn/yt/zhibo/1.txt 获取成功，判断为txt格式
2026-06-30 22:32:46,454 - INFO - url: http://www.lyyytv.cn/yt/zhibo/1.txt 爬取成功✅，包含频道分类: 央视频道, 卫视频道, 央视(IPV6), 历届春晚
2026-06-30 22:32:46,536 - ERROR - url: https://tv.iill.top/m3u/Live 爬取失败❌, Error: HTTPSConnectionPool(host='tv.iill.top', port=443): Max retries exceeded with url: /m3u/Live (Caused by NameResolutionError("HTTPSConnection(host='tv.iill.top', port=443): Failed to resolve 'tv.iill.top' ([Errno -2] Name or service not known)"))
2026-06-30 22:32:46,582 - ERROR - url: http://tipu.xjqxz.top/live1213.txt 爬取失败❌, Error: HTTPConnectionPool(host='tipu.xjqxz.top', port=80): Max retries exceeded with url: /live1213.txt (Caused by NameResolutionError("HTTPConnection(host='tipu.xjqxz.top', port=80): Failed to resolve 'tipu.xjqxz.top' ([Errno -2] Name or service not known)"))
